exports[`test render correctly 1`] = `
<div
  className="container">
  <div
    className="row">
    <form>
      <div
        className="FileUpload col-md-2">
        <div
          className=""
          onClick={[Function]}
          onDragEnter={[Function]}
          onDragLeave={[Function]}
          onDragOver={[Function]}
          onDragStart={[Function]}
          onDrop={[Function]}
          style={
            Object {
              "border": "1px solid #CCC",
              "height": "80px",
              "margin": "20px",
              "width": "160px",
            }
          }>
          <div>
            Drop an image or click to select a file to upload.
          </div>
          <input
            accept="image/*"
            multiple={false}
            onChange={[Function]}
            style={
              Object {
                "display": "none",
              }
            }
            type="file" />
        </div>
      </div>
      <div
        className="imageDisplay col-md-10" />
    </form>
  </div>
</div>
`;

exports[`test should render children 1`] = `"<div class=\"container\"><div class=\"row\"><form><div class=\"FileUpload col-md-2\"><div class=\"\" style=\"margin: 20px; width: 160px; height: 80px; border: 1px solid #ccc;\"><div>Drop an image or click to select a file to upload.</div><input type=\"file\" accept=\"image/*\" style=\"display: none;\"></div></div><div class=\"imageDisplay col-md-10\"></div></form></div></div>"`;
